<html>
<body>
<pre>
<h1>µVision Build Log</h1>
<h2>Project:</h2>
C:\Users\User\Desktop\Lab\Lab\Lab.uvproj
Project File Date:  11/29/2018

<h2>Output:</h2>
Build target 'Target 1'
compiling gamemain.c...
gamemain.c(55): warning:  #177-D: variable "joy_center_state" was declared but never referenced
        static int joy_center_state=0;
gamemain.c(182): warning:  #223-D: function "sprintf" declared implicitly
                        sprintf(buf,"PAUSE - press any key to resume");
gamemain.c(183): warning:  #167-D: argument of type "char *" is incompatible with parameter of type "unsigned char *"
                        GLCD_DisplayString(1,0,0,buf);
gamemain.c(200): warning:  #223-D: function "sprintf" declared implicitly
        sprintf(buf,"GAME OVER");
gamemain.c(201): warning:  #167-D: argument of type "char *" is incompatible with parameter of type "unsigned char *"
        GLCD_DisplayString(1,0,0,buf);
gamemain.c(203): warning:  #167-D: argument of type "char *" is incompatible with parameter of type "unsigned char *"
        GLCD_DisplayString(2,0,0,buf);
gamemain.c(290): warning:  #223-D: function "sprintf" declared implicitly
        sprintf(buf,"O");
gamemain.c(291): warning:  #167-D: argument of type "char *" is incompatible with parameter of type "unsigned char *"
        GLCD_DisplayString(input->y,input->x,0,buf);
gamemain.c(302): warning:  #223-D: function "sprintf" declared implicitly
      sprintf(buf,"|");
gamemain.c(303): warning:  #167-D: argument of type "char *" is incompatible with parameter of type "unsigned char *"
      GLCD_DisplayString(paddle->y + i,paddle->x,0,buf);
gamemain.c(312): warning:  #223-D: function "sprintf" declared implicitly
        sprintf(buf,"Score: %d", inpt_paddle->score);
gamemain.c(313): warning:  #167-D: argument of type "char *" is incompatible with parameter of type "unsigned char *"
        GLCD_DisplayString(0,wall->x / 2 - 7,0,buf);
gamemain.c(324): warning:  #223-D: function "sprintf" declared implicitly
                sprintf(buf," EWHA ");
gamemain.c(325): warning:  #167-D: argument of type "char *" is incompatible with parameter of type "unsigned char *"
      GLCD_DisplayString(29,x++,0,buf);
gamemain.c(330): warning:  #1-D: last line of file ends without a newline
  }
gamemain.c: 15 warnings, 0 errors
linking...
Program Size: Code=7324 RO-data=6984 RW-data=52 ZI-data=1636  
".\Lab.axf" - 0 Error(s), 15 Warning(s).
Load "C:\\Users\\User\\Desktop\\Lab\\Lab\\Lab.axf" 
Erase Done.
Programming Done.
Verify OK.
</pre>
</body>
</html>
